<pre><code class="language-not-skipped">simple code block
</code></pre>
<pre><code class="language-skipped">language code block
</code></pre>
<pre><code>non-language block
</code></pre>
