<div class="code-extra"><span class="some-thing"></span><span class="some-thing"></span><pre><code class="language-not-skipped">simple code block</code></pre></div>
<div class="code-extra"><span class="some-thing"></span><span class="some-thing"></span><pre><code class="language-skipped">language code block</code></pre></div>
<div class="code-extra"><span class="some-thing"></span><span class="some-thing"></span><pre><code>non-language block</code></pre></div>
