<div class="code-extra"><pre><code class="language-not-skipped">simple code block</code></pre><span class="some-thing"></span><span class="some-thing"></span></div>
<div class="code-extra"><pre><code class="language-skipped">language code block</code></pre><span class="some-thing"></span><span class="some-thing"></span></div>
<div class="code-extra"><pre><code>non-language block</code></pre><span class="some-thing"></span><span class="some-thing"></span></div>
