<div class="code-extra"><pre class="foo"><code class="language-not-skipped">simple code block</code></pre></div>
<div class="code-extra"><pre class="foo"><code class="language-skipped">language code block</code></pre></div>
<div class="code-extra"><pre class="foo"><code>non-language block</code></pre></div>
