<p>This is a file</p>
<div class="code-extra"><span class="some-thing"></span><pre><code class="language-css"><span class="midas__selector"><span class="midas__class">.cls</span></span> <span class="midas__brace">{</span>
  <span class="midas__property">color</span><span class="midas__colon">: </span><span class="midas__value"><span class="midas__word">white</span></span><span class="midas__semicolon">;</span>
<span class="midas__brace">}</span></code></pre></div>
<p>with css</p>
