<p>This is a file</p>
<div class="code-extra"><pre><code class="language-typescript"><span class="source ts"><span class="storage modifier">const</span> t <span class="keyword operator js">=</span> <span class="constant numeric">123</span><span class="punctuation terminator statement semicolon">;</span></span></code></pre><span class="some-thing"></span></div>
<p>with ts</p>
