<p>This is a file</p>
<div class="code-extra"><pre><code class="hljs language-typescript"><span class="hljs-keyword">const</span> t = <span class="hljs-number">123</span>;</code></pre><span class="some-thing"></span></div>
<p>with ts</p>
