<pre><code>simple code block
</code></pre>
<pre><code class="language-ts">language code block
</code></pre>
