<div class="code-extra"><pre><code class="language-not-skipped">simple code block</code></pre></div>
<pre><code class="language-skipped">language code block
</code></pre>
